// Jest Snapshot v1, https://goo.gl/fbAQLP

exports[`components/Basic/index should render correctly 1`] = `
<Basic>
  <div>
    Basic React Component
  </div>
</Basic>
`;
